################################################################################
#                                                                              #
#      IAR Universal Linker V4.59R/386                                         #
#                                                                              #
#           Link time     =  23/Apr/2006  03:19:31                             #
#           Target CPU    =  A90                                               #
#           List file     =  F:\Projects\VitalyIgorevich\Packet\src\m16\Releas #
#                            e\List\m16.map                                    #
#           Output file 1 =  F:\Projects\VitalyIgorevich\Packet\src\m16\Releas #
#                            e\Exe\m16.hex                                     #
#                            Format: intel-standard                            #
#           Command line  =  F:\Projects\VitalyIgorevich\Packet\src\m16\Releas #
#                            e\Obj\ADC.r90                                     #
#                            F:\Projects\VitalyIgorevich\Packet\src\m16\Releas #
#                            e\Obj\AT24CXX.r90                                 #
#                            F:\Projects\VitalyIgorevich\Packet\src\m16\Releas #
#                            e\Obj\BEEP.r90                                    #
#                            F:\Projects\VitalyIgorevich\Packet\src\m16\Releas #
#                            e\Obj\CONVERT.r90                                 #
#                            F:\Projects\VitalyIgorevich\Packet\src\m16\Releas #
#                            e\Obj\DELAY.r90                                   #
#                            F:\Projects\VitalyIgorevich\Packet\src\m16\Releas #
#                            e\Obj\DS1307.r90                                  #
#                            F:\Projects\VitalyIgorevich\Packet\src\m16\Releas #
#                            e\Obj\DS1820.r90                                  #
#                            F:\Projects\VitalyIgorevich\Packet\src\m16\Releas #
#                            e\Obj\I2C.r90                                     #
#                            F:\Projects\VitalyIgorevich\Packet\src\m16\Releas #
#                            e\Obj\KEYBOARD.r90                                #
#                            F:\Projects\VitalyIgorevich\Packet\src\m16\Releas #
#                            e\Obj\LCD_HD44780.r90                             #
#                            F:\Projects\VitalyIgorevich\Packet\src\m16\Releas #
#                            e\Obj\LED7.r90                                    #
#                            F:\Projects\VitalyIgorevich\Packet\src\m16\Releas #
#                            e\Obj\Main.r90                                    #
#                            F:\Projects\VitalyIgorevich\Packet\src\m16\Releas #
#                            e\Obj\SHIFT.r90                                   #
#                            F:\Projects\VitalyIgorevich\Packet\src\m16\Releas #
#                            e\Obj\SPI.r90                                     #
#                            F:\Projects\VitalyIgorevich\Packet\src\m16\Releas #
#                            e\Obj\UART.r90                                    #
#                            -o                                                #
#                            F:\Projects\VitalyIgorevich\Packet\src\m16\Releas #
#                            e\Exe\m16.hex                                     #
#                            -Fintel-standard -z -l                            #
#                            F:\Projects\VitalyIgorevich\Packet\src\m16\Releas #
#                            e\List\m16.map                                    #
#                            -xms                                              #
#                            "-IE:\Program Files\IAR Systems\Embedded Workbenc #
#                            h 4.0 Evaluation\avr\LIB\"                        #
#                            -f                                                #
#                            "E:\Program Files\IAR Systems\Embedded Workbench  #
#                            4.0 Evaluation\avr\config\lnkm16t.xcl"            #
#                            (-D_..X_CSTACK_SIZE=40 -D_..X_RSTACK_SIZE=40      #
#                            -D_..X_HEAP_SIZE=20 -D_..X_TINY_HEAP_SIZE=20      #
#                            -D_..X_NEAR_HEAP_SIZE=20 -ca90                    #
#                            -Z(CODE)INTVEC=0-53 -H1895 -h(CODE)0-53           #
#                            -Z(CODE)TINY_F=54-FF                              #
#                            -Z(CODE)NEAR_F,SWITCH,INITTAB,DIFUNCT=54-3FFF     #
#                            -Z(CODE)CODE=54-3FFF                              #
#                            -Z(CODE)TINY_ID,NEAR_ID=54-3FFF                   #
#                            -Z(CODE)CHECKSUM#3FFF                             #
#                            -Z(DATA)TINY_I,TINY_Z,TINY_N=60-FF                #
#                            -Z(DATA)CSTACK+_..X_CSTACK_SIZE=60-FF             #
#                            -Z(DATA)HEAP+_..X_HEAP_SIZE=60-FF                 #
#                            -Z(DATA)IOSTREAM_N#60-FF                          #
#                            -Z(DATA)TINY_HEAP+_..X_TINY_HEAP_SIZE=60-FF       #
#                            -Z(DATA)NEAR_I,NEAR_Z=60-45F                      #
#                            -Z(DATA)RSTACK+_..X_RSTACK_SIZE=60-45F            #
#                            -Z(DATA)NEAR_HEAP+_..X_NEAR_HEAP_SIZE=60-45F      #
#                            -Z(XDATA)EEPROM_I,EEPROM_N=0-1FF                  #
#                            -e_PrintfSmall=_Printf                            #
#                            -e_small_write=_formatted_write                   #
#                            -e_small_write_P=_formatted_write_P               #
#                            -e_ScanfSmall=_Scanf                              #
#                            -e_medium_read=_formatted_read                    #
#                            -e_medium_read_P=_formatted_read_P -w29) -s       #
#                            __program_start                                   #
#                            "E:\Program Files\IAR Systems\Embedded Workbench  #
#                            4.0 Evaluation\avr\LIB\CLIB\cl3t-ec-sf.r90"       #
#                                                                              #
#                        Copyright 1987-2005 IAR Systems. All rights reserved. #
################################################################################





                ****************************************
                *                                      *
                *           CROSS REFERENCE            *
                *                                      *
                ****************************************

       Program entry at : CODE      00000000  Relocatable, from module : ?RESET




                ****************************************
                *                                      *
                *            RUNTIME MODEL             *
                *                                      *
                ****************************************

  R4              = REG
  R5              = REG
  R6              = REG
  __64bit_doubles = disabled
  __cpu           = 3
  __cpu_name      = ATmega16
  __enhanced_core = enabled
  __has_elpm      = false
  __memory_model  = 1
  __rt_version    = 3



                ****************************************
                *                                      *
                *              MODULE MAP              *
                *                                      *
                ****************************************


  DEFINED ABSOLUTE ENTRIES
  PROGRAM MODULE, NAME : ?ABS_ENTRY_MOD

Absolute parts
           ENTRY                   ADDRESS         REF BY
           =====                   =======         ======
           _..X_NEAR_HEAP_SIZE     00000020 
           _..X_TINY_HEAP_SIZE     00000020 
           _..X_HEAP_SIZE          00000020 
           _..X_RSTACK_SIZE        00000040 
           _..X_CSTACK_SIZE        00000040 
    *************************************************************************

  FILE NAME : F:\Projects\VitalyIgorevich\Packet\src\m16\Release\Obj\ADC.r90
  PROGRAM MODULE, NAME : ADC

  SEGMENTS IN THE MODULE
  ======================
ABSOLUTE
  Relative segment, address: DATA 00000027 - 00000027 (0x1 bytes), align: 0
  Segment part 1. ROOT.
           ENTRY                   ADDRESS         REF BY
           =====                   =======         ======
           _A_ADMUX                00000027 
    -------------------------------------------------------------------------
ABSOLUTE
  Relative segment, address: DATA 00000026 - 00000026 (0x1 bytes), align: 0
  Segment part 2. ROOT.
           ENTRY                   ADDRESS         REF BY
           =====                   =======         ======
           _A_ADCSRA               00000026 
    -------------------------------------------------------------------------
ABSOLUTE
  Relative segment, address: DATA 00000024 - 00000025 (0x2 bytes), align: 0
  Segment part 3. ROOT.
           ENTRY                   ADDRESS         REF BY
           =====                   =======         ======
           _A_ADC                  00000024 
    -------------------------------------------------------------------------
CODE
  Relative segment, address: CODE 000001F6 - 0000020D (0x18 bytes), align: 1
  Segment part 10.
           ENTRY                   ADDRESS         REF BY
           =====                   =======         ======
           ADC_get                 000001F6        AutonomousMode (Main)
               calls direct
               stack 1 = 00000000 ( 00000002 )
    -------------------------------------------------------------------------
ABSOLUTE
  Relative segment, address: DATA 0000001C, align: 0
  Segment part 4. ROOT.
           ENTRY                   ADDRESS         REF BY
           =====                   =======         ======
           __?EECR                 0000001C 
    -------------------------------------------------------------------------
ABSOLUTE
  Relative segment, address: DATA 0000001D, align: 0
  Segment part 5. ROOT.
           ENTRY                   ADDRESS         REF BY
           =====                   =======         ======
           __?EEDR                 0000001D 
    -------------------------------------------------------------------------
ABSOLUTE
  Relative segment, address: DATA 0000001E, align: 0
  Segment part 6. ROOT.
           ENTRY                   ADDRESS         REF BY
           =====                   =======         ======
           __?EEARL                0000001E 
    -------------------------------------------------------------------------
ABSOLUTE
  Relative segment, address: DATA 0000001F, align: 0
  Segment part 7. ROOT.
           ENTRY                   ADDRESS         REF BY
           =====                   =======         ======
           __?EEARH                0000001F 

    *************************************************************************

  FILE NAME : F:\Projects\VitalyIgorevich\Packet\src\m16\Release\Obj\AT24CXX.r90
  PROGRAM MODULE, NAME : AT24CXX

  SEGMENTS IN THE MODULE
  ======================
CODE
  Relative segment, address: CODE 0000020E - 0000022D (0x20 bytes), align: 1
  Segment part 7.
           ENTRY                   ADDRESS         REF BY
           =====                   =======         ======
           AT24CXX_write           0000020E        ExecuteTask7 (Main)
               calls direct
               stack 1 = 00000000 ( 00000002 )
               stack 2 = 00000000 ( 00000002 )
    -------------------------------------------------------------------------
CODE
  Relative segment, address: CODE 0000022E - 00000255 (0x28 bytes), align: 1
  Segment part 8.
           ENTRY                   ADDRESS         REF BY
           =====                   =======         ======
           AT24CXX_read            0000022E        ExecuteTask8 (Main)
               calls direct
               stack 1 = 00000000 ( 00000002 )
               stack 2 = 00000000 ( 00000001 )
    -------------------------------------------------------------------------
CODE
  Relative segment, address: CODE 00000256 - 00000259 (0x4 bytes), align: 1
  Segment part 9.             Intra module refs:   AT24CXX_read
                                                   AT24CXX_write
                                                   Segment part 11
    -------------------------------------------------------------------------
CODE
  Relative segment, address: CODE 0000025A - 0000025D (0x4 bytes), align: 1
  Segment part 10.            Intra module refs:   AT24CXX_read
                                                   AT24CXX_write
    -------------------------------------------------------------------------
CODE
  Relative segment, address: CODE 0000025E - 00000267 (0xa bytes), align: 1
  Segment part 11.            Intra module refs:   AT24CXX_read
                                                   AT24CXX_write

    *************************************************************************

  FILE NAME : F:\Projects\VitalyIgorevich\Packet\src\m16\Release\Obj\BEEP.r90
  PROGRAM MODULE, NAME : BEEP

  SEGMENTS IN THE MODULE
  ======================
ABSOLUTE
  Relative segment, address: DATA 00000038 - 00000038 (0x1 bytes), align: 0
  Segment part 1. ROOT.
           ENTRY                   ADDRESS         REF BY
           =====                   =======         ======
           _A_PORTB                00000038 
    -------------------------------------------------------------------------
ABSOLUTE
  Relative segment, address: DATA 00000037 - 00000037 (0x1 bytes), align: 0
  Segment part 2. ROOT.
           ENTRY                   ADDRESS         REF BY
           =====                   =======         ======
           _A_DDRB                 00000037 
    -------------------------------------------------------------------------
CODE
  Relative segment, address: CODE 00000268 - 0000028B (0x24 bytes), align: 1
  Segment part 9.
           ENTRY                   ADDRESS         REF BY
           =====                   =======         ======
           Beep                    00000268        ExecuteTask3 (Main)
                                                   main (Main)
               calls direct
               stack 1 = 00000000 ( 00000002 )
               stack 2 = 00000000 ( 00000002 )

    *************************************************************************

  FILE NAME : F:\Projects\VitalyIgorevich\Packet\src\m16\Release\Obj\CONVERT.r90
  PROGRAM MODULE, NAME : CONVERT

  SEGMENTS IN THE MODULE
  ======================
CODE
  Relative segment, address: CODE 0000028C - 000002D1 (0x46 bytes), align: 1
  Segment part 7.
           ENTRY                   ADDRESS         REF BY
           =====                   =======         ======
           StringToByte            0000028C        UART_receivevalue (UART)
               calls direct
               stack 1 = 00000000 ( 00000002 )
               stack 2 = 00000000 ( 00000003 )
    -------------------------------------------------------------------------
CODE
  Relative segment, address: CODE 000002D2 - 0000032B (0x5a bytes), align: 1
  Segment part 8.
           ENTRY                   ADDRESS         REF BY
           =====                   =======         ======
           ByteToString            000002D2        UART_sendvalue (UART)
               stack 1 = 00000000 ( 00000004 )
               stack 2 = 00000000 ( 00000005 )
    -------------------------------------------------------------------------
CODE
  Relative segment, address: CODE 0000032C - 000003AD (0x82 bytes), align: 1
  Segment part 9.
           ENTRY                   ADDRESS         REF BY
           =====                   =======         ======
           ShortToString           0000032C        AutonomousMode (Main)
                                                   DS1820_gettemperature (DS1820)
               stack 1 = 00000000 ( 00000004 )
               stack 2 = 00000000 ( 00000007 )
    -------------------------------------------------------------------------
CODE
  Relative segment, address: CODE 000003AE - 000003B7 (0xa bytes), align: 1
  Segment part 10.            Intra module refs:   ByteToString
                                                   ShortToString
    -------------------------------------------------------------------------
CODE
  Relative segment, address: CODE 000003B8 - 000003C1 (0xa bytes), align: 1
  Segment part 11.            Intra module refs:   ByteToString
                                                   ShortToString

    *************************************************************************

  FILE NAME : F:\Projects\VitalyIgorevich\Packet\src\m16\Release\Obj\DELAY.r90
  PROGRAM MODULE, NAME : DELAY

  SEGMENTS IN THE MODULE
  ======================
CODE
  Relative segment, address: CODE 000003C2 - 000003CD (0xc bytes), align: 1
  Segment part 7.             Intra module refs:   delay_func_ms
           ENTRY                   ADDRESS         REF BY
           =====                   =======         ======
           delay_func_mcs          000003C2        ADC_get (ADC)
                                                   AT24CXX_read (AT24CXX)
                                                   DS1307_read (DS1307)
                                                   I2C_read (I2C)
                                                   Segment part 10 (LCD_HD44780)
                                                   Segment part 12 (KEYBOARD)
                                                   Segment part 15 (DS1820)
                                                   Segment part 17 (I2C)
               stack 1 = 00000000 ( 00000002 )
    -------------------------------------------------------------------------
CODE
  Relative segment, address: CODE 000003CE - 000003E9 (0x1c bytes), align: 1
  Segment part 8.
           ENTRY                   ADDRESS         REF BY
           =====                   =======         ======
           delay_func_ms           000003CE        AT24CXX_write (AT24CXX)
                                                   Beep (BEEP)
                                                   Segment part 13 (LCD_HD44780)
                                                   main (Main)
               calls direct
               stack 1 = 00000000 ( 00000002 )
               stack 2 = 00000000 ( 00000002 )

    *************************************************************************

  FILE NAME : F:\Projects\VitalyIgorevich\Packet\src\m16\Release\Obj\DS1307.r90
  PROGRAM MODULE, NAME : DS1307

  SEGMENTS IN THE MODULE
  ======================
CODE
  Relative segment, address: CODE 000003EA - 000003FB (0x12 bytes), align: 1
  Segment part 10.            Intra module refs:   Segment part 25
           ENTRY                   ADDRESS         REF BY
           =====                   =======         ======
           DS1307_write            000003EA 
               calls direct
               stack 1 = 00000000 ( 00000002 )
               stack 2 = 00000000 ( 00000002 )
    -------------------------------------------------------------------------
CODE
  Relative segment, address: CODE 000003FC - 00000401 (0x6 bytes), align: 1
  Segment part 11.            Intra module refs:   DS1307_setdate
                                                   DS1307_settime
                                                   DS1307_write
    -------------------------------------------------------------------------
CODE
  Relative segment, address: CODE 00000402 - 00000429 (0x28 bytes), align: 1
  Segment part 12.            Intra module refs:   Segment part 20
           ENTRY                   ADDRESS         REF BY
           =====                   =======         ======
           DS1307_read             00000402 
               calls direct
               stack 1 = 00000000 ( 00000002 )
               stack 2 = 00000000 ( 00000001 )
    -------------------------------------------------------------------------
CODE
  Relative segment, address: CODE 0000042A - 0000042D (0x4 bytes), align: 1
  Segment part 13.            Intra module refs:   DS1307_read
                                                   DS1307_write
                                                   Segment part 15
    -------------------------------------------------------------------------
CODE
  Relative segment, address: CODE 0000042E - 00000431 (0x4 bytes), align: 1
  Segment part 14.            Intra module refs:   DS1307_read
                                                   DS1307_write
    -------------------------------------------------------------------------
CODE
  Relative segment, address: CODE 00000432 - 0000043B (0xa bytes), align: 1
  Segment part 15.            Intra module refs:   DS1307_read
                                                   DS1307_write
    -------------------------------------------------------------------------
CODE
  Relative segment, address: CODE 0000043C - 0000047F (0x44 bytes), align: 1
  Segment part 16.
           ENTRY                   ADDRESS         REF BY
           =====                   =======         ======
           DS1307_gettime          0000043C        AutonomousMode (Main)
                                                   ExecuteTask5 (Main)
               calls direct
               stack 1 = 00000000 ( 00000002 )
               stack 2 = 00000000 ( 00000002 )
    -------------------------------------------------------------------------
CODE
  Relative segment, address: CODE 00000480 - 00000483 (0x4 bytes), align: 1
  Segment part 17.            Intra module refs:   DS1307_getdate
                                                   DS1307_gettime
    -------------------------------------------------------------------------
CODE
  Relative segment, address: CODE 00000484 - 0000048B (0x8 bytes), align: 1
  Segment part 18.            Intra module refs:   DS1307_gettime
    -------------------------------------------------------------------------
CODE
  Relative segment, address: CODE 0000048C - 00000491 (0x6 bytes), align: 1
  Segment part 19.            Intra module refs:   Segment part 18
                                                   Segment part 28
    -------------------------------------------------------------------------
CODE
  Relative segment, address: CODE 00000492 - 00000493 (0x2 bytes), align: 1
  Segment part 20.            Intra module refs:   DS1307_gettime
                                                   Segment part 18
                                                   Segment part 28
    -------------------------------------------------------------------------
CODE
  Relative segment, address: CODE 00000494 - 000004AF (0x1c bytes), align: 1
  Segment part 21.            Intra module refs:   Segment part 32
           ENTRY                   ADDRESS         REF BY
           =====                   =======         ======
           ByteToBCD               00000494 
               stack 1 = 00000000 ( 00000004 )
               stack 2 = 00000000 ( 00000002 )
    -------------------------------------------------------------------------
CODE
  Relative segment, address: CODE 000004B0 - 000004B5 (0x6 bytes), align: 1
  Segment part 22.            Intra module refs:   ByteToBCD
    -------------------------------------------------------------------------
CODE
  Relative segment, address: CODE 000004B6 - 000004CB (0x16 bytes), align: 1
  Segment part 23.
           ENTRY                   ADDRESS         REF BY
           =====                   =======         ======
           DS1307_settime          000004B6        ExecuteTask6 (Main)
               calls direct
               stack 1 = 00000000 ( 00000002 )
               stack 2 = 00000000 ( 00000002 )
    -------------------------------------------------------------------------
CODE
  Relative segment, address: CODE 000004CC - 000004CD (0x2 bytes), align: 1
  Segment part 24.            Intra module refs:   DS1307_gettime
                                                   DS1307_settime
    -------------------------------------------------------------------------
CODE
  Relative segment, address: CODE 000004CE - 000004CF (0x2 bytes), align: 1
  Segment part 25.            Intra module refs:   DS1307_setdate
                                                   Segment part 24
                                                   Segment part 30
                                                   Segment part 31
    -------------------------------------------------------------------------
CODE
  Relative segment, address: CODE 000004D0 - 000004FD (0x2e bytes), align: 1
  Segment part 26.
           ENTRY                   ADDRESS         REF BY
           =====                   =======         ======
           DS1307_getdate          000004D0        ExecuteTask5 (Main)
               calls direct
               stack 1 = 00000000 ( 00000002 )
               stack 2 = 00000000 ( 00000001 )
    -------------------------------------------------------------------------
CODE
  Relative segment, address: CODE 000004FE - 00000503 (0x6 bytes), align: 1
  Segment part 27.            Intra module refs:   DS1307_getdate
                                                   Segment part 18
    -------------------------------------------------------------------------
CODE
  Relative segment, address: CODE 00000504 - 0000050F (0xc bytes), align: 1
  Segment part 28.            Intra module refs:   DS1307_getdate
    -------------------------------------------------------------------------
CODE
  Relative segment, address: CODE 00000510 - 00000527 (0x18 bytes), align: 1
  Segment part 29.
           ENTRY                   ADDRESS         REF BY
           =====                   =======         ======
           DS1307_setdate          00000510        ExecuteTask6 (Main)
               calls direct
               stack 1 = 00000000 ( 00000002 )
               stack 2 = 00000000 ( 00000002 )
    -------------------------------------------------------------------------
CODE
  Relative segment, address: CODE 00000528 - 0000052D (0x6 bytes), align: 1
  Segment part 30.            Intra module refs:   DS1307_setdate
                                                   DS1307_settime
    -------------------------------------------------------------------------
CODE
  Relative segment, address: CODE 0000052E - 00000531 (0x4 bytes), align: 1
  Segment part 31.            Intra module refs:   DS1307_setdate
                                                   DS1307_settime
    -------------------------------------------------------------------------
CODE
  Relative segment, address: CODE 00000532 - 00000537 (0x6 bytes), align: 1
  Segment part 32.            Intra module refs:   DS1307_setdate
                                                   DS1307_settime
                                                   Segment part 30
                                                   Segment part 31
    -------------------------------------------------------------------------
INITTAB
  Relative segment, address: CODE 000001EA - 000001EF (0x6 bytes), align: 0
  Segment part 9.             Intra module refs:   Segment part 10 (Main)
           ENTRY                   ADDRESS         REF BY
           =====                   =======         ======
           ?<Segment init: TINY_I>
                                   000001EA 

    *************************************************************************

  FILE NAME : F:\Projects\VitalyIgorevich\Packet\src\m16\Release\Obj\DS1820.r90
  PROGRAM MODULE, NAME : DS1820

  SEGMENTS IN THE MODULE
  ======================
ABSOLUTE
  Relative segment, address: DATA 00000036 - 00000036 (0x1 bytes), align: 0
  Segment part 3. ROOT.
           ENTRY                   ADDRESS         REF BY
           =====                   =======         ======
           _A_PINB                 00000036 
    -------------------------------------------------------------------------
CODE
  Relative segment, address: CODE 00000538 - 00000553 (0x1c bytes), align: 1
  Segment part 10.            Intra module refs:   DS1820_readdata
                                                   DS1820_startconverttemp
           ENTRY                   ADDRESS         REF BY
           =====                   =======         ======
           DS1820_reset            00000538 
               calls direct
               stack 1 = 00000000 ( 00000002 )
    -------------------------------------------------------------------------
CODE
  Relative segment, address: CODE 00000554 - 00000557 (0x4 bytes), align: 1
  Segment part 11.            Intra module refs:   DS1820_getconvertstatus
                                                   DS1820_reset
                                                   DS1820_startconverttemp
    -------------------------------------------------------------------------
CODE
  Relative segment, address: CODE 00000558 - 00000589 (0x32 bytes), align: 1
  Segment part 12.            Intra module refs:   Segment part 19
           ENTRY                   ADDRESS         REF BY
           =====                   =======         ======
           DS1820_rw               00000558 
               calls direct
               stack 1 = 00000000 ( 00000002 )
               stack 2 = 00000000 ( 00000002 )
    -------------------------------------------------------------------------
CODE
  Relative segment, address: CODE 0000058A - 0000058F (0x6 bytes), align: 1
  Segment part 13.            Intra module refs:   DS1820_readdata
                                                   DS1820_rw
    -------------------------------------------------------------------------
CODE
  Relative segment, address: CODE 00000590 - 00000595 (0x6 bytes), align: 1
  Segment part 14.            Intra module refs:   DS1820_reset
                                                   DS1820_rw
    -------------------------------------------------------------------------
CODE
  Relative segment, address: CODE 00000596 - 00000599 (0x4 bytes), align: 1
  Segment part 15.            Intra module refs:   DS1820_reset
                                                   Segment part 14
    -------------------------------------------------------------------------
CODE
  Relative segment, address: CODE 0000059A - 000005A9 (0x10 bytes), align: 1
  Segment part 16.
           ENTRY                   ADDRESS         REF BY
           =====                   =======         ======
           DS1820_startconverttemp
                                   0000059A        Segment part 50 (Main)
               calls direct
               stack 1 = 00000000 ( 00000002 )
    -------------------------------------------------------------------------
CODE
  Relative segment, address: CODE 000005AA - 000005B3 (0xa bytes), align: 1
  Segment part 17.            Intra module refs:   DS1820_gettemperature
           ENTRY                   ADDRESS         REF BY
           =====                   =======         ======
           DS1820_getconvertstatus
                                   000005AA        ExecuteTask9 (Main)
               calls direct
               stack 1 = 00000000 ( 00000002 )
    -------------------------------------------------------------------------
CODE
  Relative segment, address: CODE 000005B4 - 000005B7 (0x4 bytes), align: 1
  Segment part 18.            Intra module refs:   DS1820_getconvertstatus
                                                   DS1820_reset
                                                   DS1820_startconverttemp
    -------------------------------------------------------------------------
CODE
  Relative segment, address: CODE 000005B8 - 000005BB (0x4 bytes), align: 1
  Segment part 19.            Intra module refs:   DS1820_getconvertstatus
                                                   DS1820_readdata
                                                   DS1820_startconverttemp
    -------------------------------------------------------------------------
CODE
  Relative segment, address: CODE 000005BC - 000005E9 (0x2e bytes), align: 1
  Segment part 20.            Intra module refs:   DS1820_gettemperature
           ENTRY                   ADDRESS         REF BY
           =====                   =======         ======
           DS1820_readdata         000005BC 
               calls direct
               stack 1 = 00000000 ( 00000002 )
               stack 2 = 00000000 ( 00000002 )
    -------------------------------------------------------------------------
CODE
  Relative segment, address: CODE 000005EA - 0000063D (0x54 bytes), align: 1
  Segment part 21.
           ENTRY                   ADDRESS         REF BY
           =====                   =======         ======
           DS1820_gettemperature   000005EA        AutonomousMode (Main)
                                                   ExecuteTask9 (Main)
               calls direct
               stack 1 = 00000000 ( 00000004 )
               stack 2 = 00000000 ( 0000000C )

    *************************************************************************

  FILE NAME : F:\Projects\VitalyIgorevich\Packet\src\m16\Release\Obj\I2C.r90
  PROGRAM MODULE, NAME : I2C

  SEGMENTS IN THE MODULE
  ======================
CODE
  Relative segment, address: CODE 0000063E - 00000647 (0xa bytes), align: 1
  Segment part 10.
           ENTRY                   ADDRESS         REF BY
           =====                   =======         ======
           I2C_init                0000063E        main (Main)
               stack 1 = 00000000 ( 00000002 )
    -------------------------------------------------------------------------
CODE
  Relative segment, address: CODE 00000648 - 0000064F (0x8 bytes), align: 1
  Segment part 11.
           ENTRY                   ADDRESS         REF BY
           =====                   =======         ======
           I2C_start               00000648        Segment part 10 (AT24CXX)
                                                   Segment part 14 (DS1307)
               calls direct
               stack 1 = 00000000 ( 00000002 )
    -------------------------------------------------------------------------
CODE
  Relative segment, address: CODE 00000650 - 00000655 (0x6 bytes), align: 1
  Segment part 12.            Intra module refs:   I2C_read
                                                   I2C_start
                                                   I2C_write
    -------------------------------------------------------------------------
CODE
  Relative segment, address: CODE 00000656 - 0000065F (0xa bytes), align: 1
  Segment part 13.
           ENTRY                   ADDRESS         REF BY
           =====                   =======         ======
           I2C_stop                00000656        AT24CXX_read (AT24CXX)
                                                   DS1307_read (DS1307)
                                                   Segment part 11 (AT24CXX)
                                                   Segment part 15 (DS1307)
               calls direct
               stack 1 = 00000000 ( 00000002 )
    -------------------------------------------------------------------------
CODE
  Relative segment, address: CODE 00000660 - 00000693 (0x34 bytes), align: 1
  Segment part 14.
           ENTRY                   ADDRESS         REF BY
           =====                   =======         ======
           I2C_write               00000660        Segment part 13 (DS1307)
                                                   Segment part 9 (AT24CXX)
               calls direct
               stack 1 = 00000000 ( 00000002 )
               stack 2 = 00000000 ( 00000002 )
    -------------------------------------------------------------------------
CODE
  Relative segment, address: CODE 00000694 - 0000069B (0x8 bytes), align: 1
  Segment part 15.            Intra module refs:   I2C_read
                                                   I2C_write
    -------------------------------------------------------------------------
CODE
  Relative segment, address: CODE 0000069C - 0000069D (0x2 bytes), align: 1
  Segment part 16.            Intra module refs:   I2C_stop
                                                   I2C_write
    -------------------------------------------------------------------------
CODE
  Relative segment, address: CODE 0000069E - 000006A5 (0x8 bytes), align: 1
  Segment part 17.            Intra module refs:   I2C_read
                                                   I2C_start
                                                   I2C_stop
                                                   I2C_write
                                                   Segment part 12
                                                   Segment part 16
    -------------------------------------------------------------------------
CODE
  Relative segment, address: CODE 000006A6 - 000006D5 (0x30 bytes), align: 1
  Segment part 18.
           ENTRY                   ADDRESS         REF BY
           =====                   =======         ======
           I2C_read                000006A6        AT24CXX_read (AT24CXX)
                                                   DS1307_read (DS1307)
               calls direct
               stack 1 = 00000000 ( 00000002 )
               stack 2 = 00000000 ( 00000002 )

    *************************************************************************

  FILE NAME : F:\Projects\VitalyIgorevich\Packet\src\m16\Release\Obj\KEYBOARD.r90
  PROGRAM MODULE, NAME : KEYBOARD

  SEGMENTS IN THE MODULE
  ======================
ABSOLUTE
  Relative segment, address: DATA 00000035 - 00000035 (0x1 bytes), align: 0
  Segment part 1. ROOT.
           ENTRY                   ADDRESS         REF BY
           =====                   =======         ======
           _A_PORTC                00000035 
    -------------------------------------------------------------------------
ABSOLUTE
  Relative segment, address: DATA 00000034 - 00000034 (0x1 bytes), align: 0
  Segment part 2. ROOT.
           ENTRY                   ADDRESS         REF BY
           =====                   =======         ======
           _A_DDRC                 00000034 
    -------------------------------------------------------------------------
ABSOLUTE
  Relative segment, address: DATA 00000033 - 00000033 (0x1 bytes), align: 0
  Segment part 3. ROOT.
           ENTRY                   ADDRESS         REF BY
           =====                   =======         ======
           _A_PINC                 00000033 
    -------------------------------------------------------------------------
CODE
  Relative segment, address: CODE 000006D6 - 00000707 (0x32 bytes), align: 1
  Segment part 10.            Intra module refs:   KEY_waitforkeyrelease
           ENTRY                   ADDRESS         REF BY
           =====                   =======         ======
           KEY_getkey              000006D6        AutonomousMode (Main)
                                                   Segment part 26 (Main)
               calls direct
               stack 1 = 00000000 ( 00000002 )
    -------------------------------------------------------------------------
CODE
  Relative segment, address: CODE 00000708 - 0000070D (0x6 bytes), align: 1
  Segment part 11.            Intra module refs:   KEY_getkey
    -------------------------------------------------------------------------
CODE
  Relative segment, address: CODE 0000070E - 00000717 (0xa bytes), align: 1
  Segment part 12.            Intra module refs:   KEY_getkey
                                                   Segment part 11
    -------------------------------------------------------------------------
CODE
  Relative segment, address: CODE 00000718 - 0000071F (0x8 bytes), align: 1
  Segment part 13.
           ENTRY                   ADDRESS         REF BY
           =====                   =======         ======
           KEY_waitforkeyrelease   00000718        Segment part 25 (Main)
               calls direct
               stack 1 = 00000000 ( 00000002 )
    -------------------------------------------------------------------------
CODE
  Relative segment, address: CODE 00000720 - 00000767 (0x48 bytes), align: 1
  Segment part 14.            Intra module refs:   Segment part 16
           ENTRY                   ADDRESS         REF BY
           =====                   =======         ======
           KEY_getkeyname          00000720        Segment part 29 (Main)
               stack 1 = 00000000 ( 00000002 )
    -------------------------------------------------------------------------
CODE
  Relative segment, address: CODE 00000768 - 0000076B (0x4 bytes), align: 1
  Segment part 15.            Intra module refs:   KEY_getkey
                                                   KEY_getkeyname
    -------------------------------------------------------------------------
SWITCH
  Relative segment, address: CODE 00000184 - 000001B7 (0x34 bytes), align: 1
  Segment part 16.            Intra module refs:   KEY_getkeyname

    *************************************************************************

  FILE NAME : F:\Projects\VitalyIgorevich\Packet\src\m16\Release\Obj\LCD_HD44780.r90
  PROGRAM MODULE, NAME : LCD_HD44780

  SEGMENTS IN THE MODULE
  ======================
ABSOLUTE
  Relative segment, address: DATA 00000032 - 00000032 (0x1 bytes), align: 0
  Segment part 1. ROOT.
           ENTRY                   ADDRESS         REF BY
           =====                   =======         ======
           _A_PORTD                00000032 
    -------------------------------------------------------------------------
ABSOLUTE
  Relative segment, address: DATA 00000031 - 00000031 (0x1 bytes), align: 0
  Segment part 2. ROOT.
           ENTRY                   ADDRESS         REF BY
           =====                   =======         ======
           _A_DDRD                 00000031 
    -------------------------------------------------------------------------
CODE
  Relative segment, address: CODE 0000076C - 00000783 (0x18 bytes), align: 1
  Segment part 9.             Intra module refs:   Segment part 18
           ENTRY                   ADDRESS         REF BY
           =====                   =======         ======
           LCD_write               0000076C 
               calls direct
               stack 1 = 00000000 ( 00000002 )
    -------------------------------------------------------------------------
CODE
  Relative segment, address: CODE 00000784 - 00000787 (0x4 bytes), align: 1
  Segment part 10.            Intra module refs:   LCD_write
                                                   Segment part 14
    -------------------------------------------------------------------------
CODE
  Relative segment, address: CODE 00000788 - 000007BB (0x34 bytes), align: 1
  Segment part 11.
           ENTRY                   ADDRESS         REF BY
           =====                   =======         ======
           LCD_init                00000788        main (Main)
               calls direct
               stack 1 = 00000000 ( 00000002 )
    -------------------------------------------------------------------------
CODE
  Relative segment, address: CODE 000007BC - 000007BD (0x2 bytes), align: 1
  Segment part 12.            Intra module refs:   LCD_init
    -------------------------------------------------------------------------
CODE
  Relative segment, address: CODE 000007BE - 000007C1 (0x4 bytes), align: 1
  Segment part 13.            Intra module refs:   LCD_clrscr
                                                   LCD_init
                                                   Segment part 12
    -------------------------------------------------------------------------
CODE
  Relative segment, address: CODE 000007C2 - 000007CD (0xc bytes), align: 1
  Segment part 14.            Intra module refs:   LCD_init
    -------------------------------------------------------------------------
CODE
  Relative segment, address: CODE 000007CE - 000007D5 (0x8 bytes), align: 1
  Segment part 15.
           ENTRY                   ADDRESS         REF BY
           =====                   =======         ======
           LCD_clrscr              000007CE        Segment part 52 (Main)
               calls direct
               stack 1 = 00000000 ( 00000002 )
    -------------------------------------------------------------------------
CODE
  Relative segment, address: CODE 000007D6 - 000007DB (0x6 bytes), align: 1
  Segment part 16.            Intra module refs:   LCD_clrscr
                                                   LCD_init
    -------------------------------------------------------------------------
CODE
  Relative segment, address: CODE 000007DC - 000007E5 (0xa bytes), align: 1
  Segment part 17.
           ENTRY                   ADDRESS         REF BY
           =====                   =======         ======
           LCD_gotoxy              000007DC        Segment part 46 (Main)
               calls direct
               stack 1 = 00000000 ( 00000002 )
    -------------------------------------------------------------------------
CODE
  Relative segment, address: CODE 000007E6 - 000007E7 (0x2 bytes), align: 1
  Segment part 18.            Intra module refs:   LCD_gotoxy
                                                   LCD_init
                                                   LCD_printchar
                                                   Segment part 14
                                                   Segment part 16
    -------------------------------------------------------------------------
CODE
  Relative segment, address: CODE 000007E8 - 000007EB (0x4 bytes), align: 1
  Segment part 19.            Intra module refs:   LCD_print
                                                   LCD_print_flash
           ENTRY                   ADDRESS         REF BY
           =====                   =======         ======
           LCD_printchar           000007E8        AutonomousMode (Main)
                                                   ExecuteTask1 (Main)
               calls direct
               stack 1 = 00000000 ( 00000002 )
    -------------------------------------------------------------------------
CODE
  Relative segment, address: CODE 000007EC - 00000803 (0x18 bytes), align: 1
  Segment part 20.
           ENTRY                   ADDRESS         REF BY
           =====                   =======         ======
           LCD_print               000007EC        Segment part 51 (Main)
               calls direct
               stack 1 = 00000000 ( 00000002 )
               stack 2 = 00000000 ( 00000002 )
    -------------------------------------------------------------------------
CODE
  Relative segment, address: CODE 00000804 - 0000081F (0x1c bytes), align: 1
  Segment part 21.
           ENTRY                   ADDRESS         REF BY
           =====                   =======         ======
           LCD_print_flash         00000804        OutputStartLCDMessage (Main)
               calls direct
               stack 1 = 00000000 ( 00000002 )
               stack 2 = 00000000 ( 00000002 )

    *************************************************************************

  FILE NAME : F:\Projects\VitalyIgorevich\Packet\src\m16\Release\Obj\LED7.r90
  PROGRAM MODULE, NAME : LED7

  SEGMENTS IN THE MODULE
  ======================
CODE
  Relative segment, address: CODE 00000820 - 00000855 (0x36 bytes), align: 1
  Segment part 7.             Intra module refs:   Segment part 8
           ENTRY                   ADDRESS         REF BY
           =====                   =======         ======
           LED7_setdigit           00000820        ExecuteTask2 (Main)
               calls direct
               stack 1 = 00000000 ( 00000002 )
    -------------------------------------------------------------------------
SWITCH
  Relative segment, address: CODE 000001B8 - 000001D1 (0x1a bytes), align: 1
  Segment part 8.             Intra module refs:   LED7_setdigit

    *************************************************************************

  FILE NAME : F:\Projects\VitalyIgorevich\Packet\src\m16\Release\Obj\Main.r90
  PROGRAM MODULE, NAME : Main

  SEGMENTS IN THE MODULE
  ======================
NEAR_F
  Relative segment, address: CODE 00000054 - 000000A6 (0x53 bytes), align: 0
  Segment part 13.            Intra module refs:   main
           ENTRY                   ADDRESS         REF BY
           =====                   =======         ======
           UartMessage             00000054 
    -------------------------------------------------------------------------
NEAR_F
  Relative segment, address: CODE 000000A7 - 000000C3 (0x1d bytes), align: 0
  Segment part 14.            Intra module refs:   OutputStartLCDMessage
           ENTRY                   ADDRESS         REF BY
           =====                   =======         ======
           LcdMessageLine1         000000A7 
           LcdMessageLine2         000000B8 
    -------------------------------------------------------------------------
NEAR_F
  Relative segment, address: CODE 000000C4 - 000000D1 (0xe bytes), align: 0
  Segment part 15.            Intra module refs:   ExecuteTask5
           ENTRY                   ADDRESS         REF BY
           =====                   =======         ======
           dateStr                 000000CB 
           timeStr                 000000C4 
    -------------------------------------------------------------------------
NEAR_F
  Relative segment, address: CODE 000000D2 - 00000107 (0x36 bytes), align: 0
  Segment part 16.            Intra module refs:   ExecuteTask7
                                                   ExecuteTask8
                                                   Segment part 38
           ENTRY                   ADDRESS         REF BY
           =====                   =======         ======
           enterAddressStr         000000D2 
           enterValueStr           000000EA 
           valueStr                00000100 
    -------------------------------------------------------------------------
NEAR_F
  Relative segment, address: CODE 00000108 - 0000012D (0x26 bytes), align: 0
  Segment part 17.            Intra module refs:   ExecuteTask9
           ENTRY                   ADDRESS         REF BY
           =====                   =======         ======
           sensorNotConnectedStr   00000116 
           temperatureStr          00000108 
    -------------------------------------------------------------------------
NEAR_F
  Relative segment, address: CODE 0000012E - 0000017F (0x52 bytes), align: 0
  Segment part 18.            Intra module refs:   ExecuteTask6
           ENTRY                   ADDRESS         REF BY
           =====                   =======         ======
           enterDayStr             00000159 
           enterHourStr            0000012E 
           enterMinuteStr          0000013B 
           enterMonthStr           00000165 
           enterSecondStr          0000014A 
           enterYearStr            00000173 
    -------------------------------------------------------------------------
CODE
  Relative segment, address: CODE 00000856 - 00000887 (0x32 bytes), align: 1
  Segment part 21.            Intra module refs:   UART0_RX_interrupt
           ENTRY                   ADDRESS         REF BY
           =====                   =======         ======
           ExecuteTask1            00000856 
               calls direct
               stack 1 = 00000000 ( 00000002 )
               stack 2 = 00000000 ( 00000002 )
    -------------------------------------------------------------------------
CODE
  Relative segment, address: CODE 00000888 - 0000088D (0x6 bytes), align: 1
  Segment part 22.            Intra module refs:   ExecuteTask1
                                                   ExecuteTask6
    -------------------------------------------------------------------------
CODE
  Relative segment, address: CODE 0000088E - 000008A3 (0x16 bytes), align: 1
  Segment part 23.            Intra module refs:   UART0_RX_interrupt
           ENTRY                   ADDRESS         REF BY
           =====                   =======         ======
           ExecuteTask2            0000088E 
               calls direct
               stack 1 = 00000000 ( 00000002 )
               stack 2 = 00000000 ( 00000001 )
    -------------------------------------------------------------------------
CODE
  Relative segment, address: CODE 000008A4 - 000008B9 (0x16 bytes), align: 1
  Segment part 24.            Intra module refs:   UART0_RX_interrupt
           ENTRY                   ADDRESS         REF BY
           =====                   =======         ======
           ExecuteTask3            000008A4 
               calls direct
               stack 1 = 00000000 ( 00000002 )
               stack 2 = 00000000 ( 00000001 )
    -------------------------------------------------------------------------
CODE
  Relative segment, address: CODE 000008BA - 000008BD (0x4 bytes), align: 1
  Segment part 25.            Intra module refs:   ExecuteTask1
                                                   ExecuteTask2
                                                   ExecuteTask3
                                                   ExecuteTask4
    -------------------------------------------------------------------------
CODE
  Relative segment, address: CODE 000008BE - 000008C7 (0xa bytes), align: 1
  Segment part 26.            Intra module refs:   ExecuteTask1
                                                   ExecuteTask2
                                                   ExecuteTask3
                                                   ExecuteTask4
    -------------------------------------------------------------------------
CODE
  Relative segment, address: CODE 000008C8 - 00000905 (0x3e bytes), align: 1
  Segment part 27.            Intra module refs:   UART0_RX_interrupt
           ENTRY                   ADDRESS         REF BY
           =====                   =======         ======
           ExecuteTask4            000008C8 
               calls direct
               stack 1 = 00000000 ( 00000002 )
               stack 2 = 00000000 ( 00000001 )
    -------------------------------------------------------------------------
CODE
  Relative segment, address: CODE 00000906 - 00000909 (0x4 bytes), align: 1
  Segment part 28.            Intra module refs:   ExecuteTask2
                                                   ExecuteTask3
                                                   ExecuteTask4
                                                   ExecuteTask7
                                                   ExecuteTask8
    -------------------------------------------------------------------------
CODE
  Relative segment, address: CODE 0000090A - 0000090D (0x4 bytes), align: 1
  Segment part 29.            Intra module refs:   AutonomousMode
                                                   ExecuteTask1
                                                   ExecuteTask2
                                                   ExecuteTask4
    -------------------------------------------------------------------------
CODE
  Relative segment, address: CODE 0000090E - 00000937 (0x2a bytes), align: 1
  Segment part 30.            Intra module refs:   UART0_RX_interrupt
           ENTRY                   ADDRESS         REF BY
           =====                   =======         ======
           ExecuteTask5            0000090E 
               calls direct
               stack 1 = 00000000 ( 00000002 )
               stack 2 = 00000000 ( 00000012 )
    -------------------------------------------------------------------------
CODE
  Relative segment, address: CODE 00000938 - 00000971 (0x3a bytes), align: 1
  Segment part 31.            Intra module refs:   UART0_RX_interrupt
           ENTRY                   ADDRESS         REF BY
           =====                   =======         ======
           ExecuteTask6            00000938 
               calls direct
               stack 1 = 00000000 ( 00000002 )
               stack 2 = 00000000 ( 00000002 )
    -------------------------------------------------------------------------
CODE
  Relative segment, address: CODE 00000972 - 00000973 (0x2 bytes), align: 1
  Segment part 32.            Intra module refs:   ExecuteTask6
                                                   ExecuteTask7
    -------------------------------------------------------------------------
CODE
  Relative segment, address: CODE 00000974 - 00000977 (0x4 bytes), align: 1
  Segment part 33.            Intra module refs:   Segment part 32
                                                   Segment part 39
                                                   UART0_RX_interrupt
    -------------------------------------------------------------------------
CODE
  Relative segment, address: CODE 00000978 - 00000981 (0xa bytes), align: 1
  Segment part 34.            Intra module refs:   ExecuteTask6
    -------------------------------------------------------------------------
CODE
  Relative segment, address: CODE 00000982 - 00000993 (0x12 bytes), align: 1
  Segment part 35.            Intra module refs:   UART0_RX_interrupt
           ENTRY                   ADDRESS         REF BY
           =====                   =======         ======
           ExecuteTask7            00000982 
               calls direct
               stack 1 = 00000000 ( 00000002 )
               stack 2 = 00000000 ( 00000001 )
    -------------------------------------------------------------------------
CODE
  Relative segment, address: CODE 00000994 - 000009A9 (0x16 bytes), align: 1
  Segment part 36.            Intra module refs:   UART0_RX_interrupt
           ENTRY                   ADDRESS         REF BY
           =====                   =======         ======
           ExecuteTask8            00000994 
               calls direct
               stack 1 = 00000000 ( 00000002 )
               stack 2 = 00000000 ( 00000001 )
    -------------------------------------------------------------------------
CODE
  Relative segment, address: CODE 000009AA - 000009AD (0x4 bytes), align: 1
  Segment part 37.            Intra module refs:   ExecuteTask5
                                                   ExecuteTask8
                                                   ExecuteTask9
    -------------------------------------------------------------------------
CODE
  Relative segment, address: CODE 000009AE - 000009B9 (0xc bytes), align: 1
  Segment part 38.            Intra module refs:   ExecuteTask7
                                                   ExecuteTask8
    -------------------------------------------------------------------------
CODE
  Relative segment, address: CODE 000009BA - 000009BF (0x6 bytes), align: 1
  Segment part 39.            Intra module refs:   Segment part 34
                                                   Segment part 38
    -------------------------------------------------------------------------
CODE
  Relative segment, address: CODE 000009C0 - 000009ED (0x2e bytes), align: 1
  Segment part 40.            Intra module refs:   UART0_RX_interrupt
           ENTRY                   ADDRESS         REF BY
           =====                   =======         ======
           ExecuteTask9            000009C0 
               calls direct
               stack 1 = 00000000 ( 00000002 )
               stack 2 = 00000000 ( 00000005 )
    -------------------------------------------------------------------------
CODE
  Relative segment, address: CODE 000009EE - 000009F1 (0x4 bytes), align: 1
  Segment part 41.            Intra module refs:   ExecuteTask5
                                                   ExecuteTask8
                                                   ExecuteTask9
                                                   Segment part 32
                                                   Segment part 42
                                                   main
    -------------------------------------------------------------------------
CODE
  Relative segment, address: CODE 000009F2 - 000009F5 (0x4 bytes), align: 1
  Segment part 42.            Intra module refs:   ExecuteTask5
                                                   ExecuteTask9
    -------------------------------------------------------------------------
CODE
  Relative segment, address: CODE 000009F6 - 000009F9 (0x4 bytes), align: 1
  Segment part 43.            Intra module refs:   ExecuteTask5
                                                   Segment part 42
                                                   Segment part 48
    -------------------------------------------------------------------------
CODE
  Relative segment, address: CODE 000009FA - 00000A0B (0x12 bytes), align: 1
  Segment part 44.            Intra module refs:   main
           ENTRY                   ADDRESS         REF BY
           =====                   =======         ======
           OutputStartLCDMessage   000009FA 
               calls direct
               stack 1 = 00000000 ( 00000002 )
    -------------------------------------------------------------------------
CODE
  Relative segment, address: CODE 00000A0C - 00000A0F (0x4 bytes), align: 1
  Segment part 45.            Intra module refs:   AutonomousMode
                                                   ExecuteTask1
                                                   OutputStartLCDMessage
    -------------------------------------------------------------------------
CODE
  Relative segment, address: CODE 00000A10 - 00000A13 (0x4 bytes), align: 1
  Segment part 46.            Intra module refs:   AutonomousMode
                                                   Segment part 45
    -------------------------------------------------------------------------
CODE
  Relative segment, address: CODE 00000A14 - 00000A83 (0x70 bytes), align: 1
  Segment part 47.            Intra module refs:   Segment part 54
                                                   UART0_RX_interrupt::??INTVEC 44
           ENTRY                   ADDRESS         REF BY
           =====                   =======         ======
           UART0_RX_interrupt      00000A14 
               interrupt function
               calls direct
               stack 1 = 00000000 ( 00000002 )
               stack 2 = 00000000 ( 0000000F )
    -------------------------------------------------------------------------
CODE
  Relative segment, address: CODE 00000A84 - 00000A87 (0x4 bytes), align: 1
  Segment part 48.            Intra module refs:   UART0_RX_interrupt
                                                   main
    -------------------------------------------------------------------------
CODE
  Relative segment, address: CODE 00000A88 - 00000B3F (0xb8 bytes), align: 1
  Segment part 49.            Intra module refs:   main
           ENTRY                   ADDRESS         REF BY
           =====                   =======         ======
           AutonomousMode          00000A88 
               calls direct
               stack 1 = 00000000 ( 00000004 )
               stack 2 = 00000000 ( 00000014 )
    -------------------------------------------------------------------------
CODE
  Relative segment, address: CODE 00000B40 - 00000B43 (0x4 bytes), align: 1
  Segment part 50.            Intra module refs:   AutonomousMode
                                                   ExecuteTask9
                                                   main
    -------------------------------------------------------------------------
CODE
  Relative segment, address: CODE 00000B44 - 00000B47 (0x4 bytes), align: 1
  Segment part 51.            Intra module refs:   AutonomousMode
    -------------------------------------------------------------------------
CODE
  Relative segment, address: CODE 00000B48 - 00000B4B (0x4 bytes), align: 1
  Segment part 52.            Intra module refs:   AutonomousMode
                                                   ExecuteTask1
                                                   main
    -------------------------------------------------------------------------
TINY_Z
  Relative segment, address: DATA 00000074 - 00000079 (0x6 bytes), align: 0
  Segment part 19.            Intra module refs:   AutonomousMode
    -------------------------------------------------------------------------
CODE
  Relative segment, address: CODE 00000B4C - 00000B8D (0x42 bytes), align: 1
  Segment part 53.
           ENTRY                   ADDRESS         REF BY
           =====                   =======         ======
           main                    00000B4C        ?cstartup_call_main (?C_STARTUP)
               calls direct
               stack 1 = 00000000 ( 00000002 )
    -------------------------------------------------------------------------
INTVEC
  Common segment, address: CODE 00000000 - 0000002F (0x30 bytes), align: 1
  Segment part 7. ROOT.
           ENTRY                   ADDRESS         REF BY
           =====                   =======         ======
           UART0_RX_interrupt::??INTVEC 44
                                   0000002C 
    -------------------------------------------------------------------------
TINY_ID
  Relative segment, address: CODE 00000E6C - 00000E7F (0x14 bytes), align: 0
  Segment part 11.            Intra module refs:   Segment part 10
    -------------------------------------------------------------------------
INITTAB
  Relative segment, address: CODE 000001F0 - 000001F5 (0x6 bytes), align: 0
  Segment part 20.            Intra module refs:   Segment part 19
           ENTRY                   ADDRESS         REF BY
           =====                   =======         ======
           ?<Segment init: TINY_Z>
                                   000001F0 
    -------------------------------------------------------------------------
SWITCH
  Relative segment, address: CODE 000001D2 - 000001E9 (0x18 bytes), align: 1
  Segment part 54.            Intra module refs:   UART0_RX_interrupt
    -------------------------------------------------------------------------
TINY_I
  Relative segment, address: DATA 00000060 - 00000073 (0x14 bytes), align: 0
  Segment part 10.            Intra module refs:   Segment part 48

    *************************************************************************

  FILE NAME : F:\Projects\VitalyIgorevich\Packet\src\m16\Release\Obj\SHIFT.r90
  PROGRAM MODULE, NAME : SHIFT

  SEGMENTS IN THE MODULE
  ======================
CODE
  Relative segment, address: CODE 00000B8E - 00000B99 (0xc bytes), align: 1
  Segment part 9.
           ENTRY                   ADDRESS         REF BY
           =====                   =======         ======
           SHIFT_write             00000B8E        LCD_write (LCD_HD44780)
                                                   LED7_setdigit (LED7)
               calls direct
               stack 1 = 00000000 ( 00000002 )

    *************************************************************************

  FILE NAME : F:\Projects\VitalyIgorevich\Packet\src\m16\Release\Obj\SPI.r90
  PROGRAM MODULE, NAME : SPI

  SEGMENTS IN THE MODULE
  ======================
ABSOLUTE
  Relative segment, address: DATA 0000002F - 0000002F (0x1 bytes), align: 0
  Segment part 3. ROOT.
           ENTRY                   ADDRESS         REF BY
           =====                   =======         ======
           _A_SPDR                 0000002F 
    -------------------------------------------------------------------------
ABSOLUTE
  Relative segment, address: DATA 0000002E - 0000002E (0x1 bytes), align: 0
  Segment part 4. ROOT.
           ENTRY                   ADDRESS         REF BY
           =====                   =======         ======
           _A_SPSR                 0000002E 
    -------------------------------------------------------------------------
ABSOLUTE
  Relative segment, address: DATA 0000002D - 0000002D (0x1 bytes), align: 0
  Segment part 5. ROOT.
           ENTRY                   ADDRESS         REF BY
           =====                   =======         ======
           _A_SPCR                 0000002D 
    -------------------------------------------------------------------------
CODE
  Relative segment, address: CODE 00000B9A - 00000BA9 (0x10 bytes), align: 1
  Segment part 12.
           ENTRY                   ADDRESS         REF BY
           =====                   =======         ======
           SPI_init                00000B9A        main (Main)
               stack 1 = 00000000 ( 00000002 )
    -------------------------------------------------------------------------
CODE
  Relative segment, address: CODE 00000BAA - 00000BB3 (0xa bytes), align: 1
  Segment part 13.
           ENTRY                   ADDRESS         REF BY
           =====                   =======         ======
           SPI_rw                  00000BAA        SHIFT_write (SHIFT)
               stack 1 = 00000000 ( 00000002 )

    *************************************************************************

  FILE NAME : F:\Projects\VitalyIgorevich\Packet\src\m16\Release\Obj\UART.r90
  PROGRAM MODULE, NAME : UART

  SEGMENTS IN THE MODULE
  ======================
ABSOLUTE
  Relative segment, address: DATA 00000040 - 00000040 (0x1 bytes), align: 0
  Segment part 1. ROOT.
           ENTRY                   ADDRESS         REF BY
           =====                   =======         ======
           _A_UBRRH                00000040 
    -------------------------------------------------------------------------
ABSOLUTE
  Relative segment, address: DATA 0000002C - 0000002C (0x1 bytes), align: 0
  Segment part 2. ROOT.
           ENTRY                   ADDRESS         REF BY
           =====                   =======         ======
           _A_UDR                  0000002C 
    -------------------------------------------------------------------------
ABSOLUTE
  Relative segment, address: DATA 0000002B - 0000002B (0x1 bytes), align: 0
  Segment part 3. ROOT.
           ENTRY                   ADDRESS         REF BY
           =====                   =======         ======
           _A_UCSRA                0000002B 
    -------------------------------------------------------------------------
ABSOLUTE
  Relative segment, address: DATA 0000002A - 0000002A (0x1 bytes), align: 0
  Segment part 4. ROOT.
           ENTRY                   ADDRESS         REF BY
           =====                   =======         ======
           _A_UCSRB                0000002A 
    -------------------------------------------------------------------------
ABSOLUTE
  Relative segment, address: DATA 00000029 - 00000029 (0x1 bytes), align: 0
  Segment part 5. ROOT.
           ENTRY                   ADDRESS         REF BY
           =====                   =======         ======
           _A_UBRRL                00000029 
    -------------------------------------------------------------------------
NEAR_F
  Relative segment, address: CODE 00000180 - 00000182 (0x3 bytes), align: 0
  Segment part 12.            Intra module refs:   UART_receiveline
                                                   UART_sendcrlf
           ENTRY                   ADDRESS         REF BY
           =====                   =======         ======
           crlf                    00000180 
    -------------------------------------------------------------------------
CODE
  Relative segment, address: CODE 00000BB4 - 00000BBF (0xc bytes), align: 1
  Segment part 13.
           ENTRY                   ADDRESS         REF BY
           =====                   =======         ======
           UART_init               00000BB4        main (Main)
               stack 1 = 00000000 ( 00000002 )
    -------------------------------------------------------------------------
CODE
  Relative segment, address: CODE 00000BC0 - 00000BC7 (0x8 bytes), align: 1
  Segment part 14.            Intra module refs:   Segment part 17
           ENTRY                   ADDRESS         REF BY
           =====                   =======         ======
           UART_sendbyte           00000BC0 
               stack 1 = 00000000 ( 00000002 )
    -------------------------------------------------------------------------
CODE
  Relative segment, address: CODE 00000BC8 - 00000BE7 (0x20 bytes), align: 1
  Segment part 15.            Intra module refs:   UART_sendvalue
           ENTRY                   ADDRESS         REF BY
           =====                   =======         ======
           UART_sendstring         00000BC8        Segment part 43 (Main)
               calls direct
               stack 1 = 00000000 ( 00000002 )
               stack 2 = 00000000 ( 00000002 )
    -------------------------------------------------------------------------
CODE
  Relative segment, address: CODE 00000BE8 - 00000C09 (0x22 bytes), align: 1
  Segment part 16.            Intra module refs:   UART_receiveline
                                                   UART_sendcrlf
           ENTRY                   ADDRESS         REF BY
           =====                   =======         ======
           UART_sendstring_flash   00000BE8        Segment part 39 (Main)
                                                   Segment part 41 (Main)
               calls direct
               stack 1 = 00000000 ( 00000002 )
               stack 2 = 00000000 ( 00000004 )
    -------------------------------------------------------------------------
CODE
  Relative segment, address: CODE 00000C0A - 00000C0B (0x2 bytes), align: 1
  Segment part 17.            Intra module refs:   UART_receiveline
                                                   UART_sendstring
                                                   UART_sendstring_flash
    -------------------------------------------------------------------------
CODE
  Relative segment, address: CODE 00000C0C - 00000C1B (0x10 bytes), align: 1
  Segment part 18.
           ENTRY                   ADDRESS         REF BY
           =====                   =======         ======
           UART_sendvalue          00000C0C        ExecuteTask8 (Main)
               calls direct
               stack 1 = 00000000 ( 00000002 )
               stack 2 = 00000000 ( 00000004 )
    -------------------------------------------------------------------------
CODE
  Relative segment, address: CODE 00000C1C - 00000C21 (0x6 bytes), align: 1
  Segment part 19.
           ENTRY                   ADDRESS         REF BY
           =====                   =======         ======
           UART_sendcrlf           00000C1C        Segment part 37 (Main)
               calls direct
               stack 1 = 00000000 ( 00000002 )
    -------------------------------------------------------------------------
CODE
  Relative segment, address: CODE 00000C22 - 00000C29 (0x8 bytes), align: 1
  Segment part 20.            Intra module refs:   UART_receiveline
           ENTRY                   ADDRESS         REF BY
           =====                   =======         ======
           UART_receivebyte        00000C22 
               stack 1 = 00000000 ( 00000002 )
    -------------------------------------------------------------------------
CODE
  Relative segment, address: CODE 00000C2A - 00000C7B (0x52 bytes), align: 1
  Segment part 21.            Intra module refs:   UART_receivevalue
           ENTRY                   ADDRESS         REF BY
           =====                   =======         ======
           UART_receiveline        00000C2A 
               calls direct
               stack 1 = 00000000 ( 00000002 )
               stack 2 = 00000000 ( 00000005 )
    -------------------------------------------------------------------------
CODE
  Relative segment, address: CODE 00000C7C - 00000C8D (0x12 bytes), align: 1
  Segment part 22.
           ENTRY                   ADDRESS         REF BY
           =====                   =======         ======
           UART_receivevalue       00000C7C        Segment part 33 (Main)
               calls direct
               stack 1 = 00000000 ( 00000002 )
               stack 2 = 00000000 ( 00000014 )

    *************************************************************************

  FILE NAME : E:\Program Files\IAR Systems\Embedded Workbench 4.0 Evaluation\avr\LIB\CLIB\cl3t-ec-sf.r90
  LIBRARY MODULE, NAME : ?__exit

  SEGMENTS IN THE MODULE
  ======================
CODE
  Relative segment, address: CODE 00000C8E - 00000C93 (0x6 bytes), align: 1
  Segment part 0.
           ENTRY                   ADDRESS         REF BY
           =====                   =======         ======
           __exit                  00000C90 
           ?C_EXIT                 00000C90 
           ?C_FUNCALL              00000C8E 
           _exit                   00000C8E        ?cstartup_call_main (?C_STARTUP)
           exit                    00000C8E        ?cstartup_call_main (?C_STARTUP)

    -------------------------------------------------------------------------
  LIBRARY MODULE, NAME : ?RESET

  SEGMENTS IN THE MODULE
  ======================
INTVEC
  Common segment, address: CODE 00000000 - 00000003 (0x4 bytes), align: 1
  Segment part 0. ROOT.
           ENTRY                   ADDRESS         REF BY
           =====                   =======         ======
           __program_start         00000000        Absolute parts (?ABS_ENTRY_MOD)
           ?RESET                  00000000        Segment part 2 (?C_STARTUP)

    -------------------------------------------------------------------------
  LIBRARY MODULE, NAME : ?C_STARTUP

  SEGMENTS IN THE MODULE
  ======================
CODE
  Relative segment, address: CODE 00000C94, align: 1
  Segment part 2.
           ENTRY                   ADDRESS         REF BY
           =====                   =======         ======
           ?C_STARTUP              00000C94        Segment part 0 (?RESET)
           __RESTART               00000C94 
    -------------------------------------------------------------------------
CODE
  Relative segment, address: CODE 00000C94 - 00000C9F (0xc bytes), align: 1
  Segment part 5.             Intra module refs:   Segment part 2
    -------------------------------------------------------------------------
CODE
  Relative segment, address: CODE 00000CA0 - 00000CA3 (0x4 bytes), align: 1
  Segment part 7.             Intra module refs:   Segment part 5
           ENTRY                   ADDRESS         REF BY
           =====                   =======         ======
           ?call_low_level_init    00000CA0 
    -------------------------------------------------------------------------
CODE
  Relative segment, address: CODE 00000CA4 - 00000CAB (0x8 bytes), align: 1
  Segment part 8.
           ENTRY                   ADDRESS         REF BY
           =====                   =======         ======
           ?need_segment_init      00000CA4        ?<Segment init: TINY_I> (DS1307)
                                                   ?<Segment init: TINY_Z> (Main)
    -------------------------------------------------------------------------
CODE
  Relative segment, address: CODE 00000CAC - 00000CB7 (0xc bytes), align: 1
  Segment part 9.             Intra module refs:   ?call_low_level_init
           ENTRY                   ADDRESS         REF BY
           =====                   =======         ======
           ?cstartup_call_main     00000CAC 

    -------------------------------------------------------------------------
  LIBRARY MODULE, NAME : ?UC_DIVMOD_L01

  SEGMENTS IN THE MODULE
  ======================
CODE
  Relative segment, address: CODE 00000CB8 - 00000CD3 (0x1c bytes), align: 1
  Segment part 0.
           ENTRY                   ADDRESS         REF BY
           =====                   =======         ======
           ?UC_DIVMOD_L01          00000CB8        AutonomousMode (Main)
                                                   ByteToString (CONVERT)
                                                   Segment part 22 (DS1307)

    -------------------------------------------------------------------------
  LIBRARY MODULE, NAME : ?S_EC_MUL_L02

  SEGMENTS IN THE MODULE
  ======================
CODE
  Relative segment, address: CODE 00000CD4 - 00000CE3 (0x10 bytes), align: 1
  Segment part 0.
           ENTRY                   ADDRESS         REF BY
           =====                   =======         ======
           ?S_EC_MUL_L02           00000CD4        ShortToString (CONVERT)

    -------------------------------------------------------------------------
  LIBRARY MODULE, NAME : ?US_DIVMOD_L02

  SEGMENTS IN THE MODULE
  ======================
CODE
  Relative segment, address: CODE 00000CE4 - 00000D0B (0x28 bytes), align: 1
  Segment part 0.
           ENTRY                   ADDRESS         REF BY
           =====                   =======         ======
           ?US_DIVMOD_L02          00000CE4        ?SS_DIVMOD_L02 (?SS_DIVMOD_L02)

    -------------------------------------------------------------------------
  LIBRARY MODULE, NAME : ?SS_DIVMOD_L02

  SEGMENTS IN THE MODULE
  ======================
CODE
  Relative segment, address: CODE 00000D0C - 00000D3B (0x30 bytes), align: 1
  Segment part 0.
           ENTRY                   ADDRESS         REF BY
           =====                   =======         ======
           ?SS_DIVMOD_L02          00000D14        DS1820_gettemperature (DS1820)
                                                   ShortToString (CONVERT)

    -------------------------------------------------------------------------
  LIBRARY MODULE, NAME : ?xV_SWITCH_L06

  SEGMENTS IN THE MODULE
  ======================
CODE
  Relative segment, address: CODE 00000D3C - 00000DD7 (0x9c bytes), align: 1
  Segment part 0.
           ENTRY                   ADDRESS         REF BY
           =====                   =======         ======
           ?CV_SWITCH_L06          00000D4E        KEY_getkeyname (KEYBOARD)
                                                   LED7_setdigit (LED7)
                                                   UART0_RX_interrupt (Main)
           ?SV_SWITCH_L06          00000D56 
           ?LV_SWITCH_L06          00000D62 

    -------------------------------------------------------------------------
  LIBRARY MODULE, NAME : ?PROLOGUE_L09

  SEGMENTS IN THE MODULE
  ======================
CODE
  Relative segment, address: CODE 00000DD8 - 00000DD9 (0x2 bytes), align: 1
  Segment part 9.
           ENTRY                   ADDRESS         REF BY
           =====                   =======         ======
           ?PROLOGUE7_L09          00000DD8        ShortToString (CONVERT)
    -------------------------------------------------------------------------
CODE
  Relative segment, address: CODE 00000DDA - 00000DDB (0x2 bytes), align: 1
  Segment part 10.            Intra module refs:   ?PROLOGUE7_L09
           ENTRY                   ADDRESS         REF BY
           =====                   =======         ======
           ?PROLOGUE6_L09          00000DDA 
    -------------------------------------------------------------------------
CODE
  Relative segment, address: CODE 00000DDC - 00000DDD (0x2 bytes), align: 1
  Segment part 11.            Intra module refs:   ?PROLOGUE6_L09
           ENTRY                   ADDRESS         REF BY
           =====                   =======         ======
           ?PROLOGUE5_L09          00000DDC        ByteToString (CONVERT)
                                                   UART_receiveline (UART)
    -------------------------------------------------------------------------
CODE
  Relative segment, address: CODE 00000DDE - 00000DDF (0x2 bytes), align: 1
  Segment part 12.            Intra module refs:   ?PROLOGUE5_L09
           ENTRY                   ADDRESS         REF BY
           =====                   =======         ======
           ?PROLOGUE4_L09          00000DDE        UART_sendstring_flash (UART)
    -------------------------------------------------------------------------
CODE
  Relative segment, address: CODE 00000DE0 - 00000DE1 (0x2 bytes), align: 1
  Segment part 13.            Intra module refs:   ?PROLOGUE4_L09
           ENTRY                   ADDRESS         REF BY
           =====                   =======         ======
           ?PROLOGUE3_L09          00000DE0        DS1820_gettemperature (DS1820)
                                                   StringToByte (CONVERT)
    -------------------------------------------------------------------------
CODE
  Relative segment, address: CODE 00000DE2 - 00000DE3 (0x2 bytes), align: 1
  Segment part 14.            Intra module refs:   ?PROLOGUE3_L09
           ENTRY                   ADDRESS         REF BY
           =====                   =======         ======
           ?PROLOGUE2_L09          00000DE2 
    -------------------------------------------------------------------------
CODE
  Relative segment, address: CODE 00000DE4 - 00000DE5 (0x2 bytes), align: 1
  Segment part 15.            Intra module refs:   ?PROLOGUE2_L09
           ENTRY                   ADDRESS         REF BY
           =====                   =======         ======
           ?PROLOGUE1_L09          00000DE4 
    -------------------------------------------------------------------------
CODE
  Relative segment, address: CODE 00000DE6 - 00000DE7 (0x2 bytes), align: 1
  Segment part 16.            Intra module refs:   ?PROLOGUE1_L09

    -------------------------------------------------------------------------
  LIBRARY MODULE, NAME : ?EPILOGUE_B_L09

  SEGMENTS IN THE MODULE
  ======================
CODE
  Relative segment, address: CODE 00000DE8 - 00000DE9 (0x2 bytes), align: 1
  Segment part 9.
           ENTRY                   ADDRESS         REF BY
           =====                   =======         ======
           ?EPILOGUE_B7_L09        00000DE8        ShortToString (CONVERT)
    -------------------------------------------------------------------------
CODE
  Relative segment, address: CODE 00000DEA - 00000DEB (0x2 bytes), align: 1
  Segment part 10.            Intra module refs:   ?EPILOGUE_B7_L09
           ENTRY                   ADDRESS         REF BY
           =====                   =======         ======
           ?EPILOGUE_B6_L09        00000DEA 
    -------------------------------------------------------------------------
CODE
  Relative segment, address: CODE 00000DEC - 00000DED (0x2 bytes), align: 1
  Segment part 11.            Intra module refs:   ?EPILOGUE_B6_L09
           ENTRY                   ADDRESS         REF BY
           =====                   =======         ======
           ?EPILOGUE_B5_L09        00000DEC        ByteToString (CONVERT)
                                                   UART_receiveline (UART)
    -------------------------------------------------------------------------
CODE
  Relative segment, address: CODE 00000DEE - 00000DEF (0x2 bytes), align: 1
  Segment part 12.            Intra module refs:   ?EPILOGUE_B5_L09
           ENTRY                   ADDRESS         REF BY
           =====                   =======         ======
           ?EPILOGUE_B4_L09        00000DEE        UART_sendstring_flash (UART)
    -------------------------------------------------------------------------
CODE
  Relative segment, address: CODE 00000DF0 - 00000DF1 (0x2 bytes), align: 1
  Segment part 13.            Intra module refs:   ?EPILOGUE_B4_L09
           ENTRY                   ADDRESS         REF BY
           =====                   =======         ======
           ?EPILOGUE_B3_L09        00000DF0        DS1820_gettemperature (DS1820)
                                                   StringToByte (CONVERT)
    -------------------------------------------------------------------------
CODE
  Relative segment, address: CODE 00000DF2 - 00000DF3 (0x2 bytes), align: 1
  Segment part 14.            Intra module refs:   ?EPILOGUE_B3_L09
           ENTRY                   ADDRESS         REF BY
           =====                   =======         ======
           ?EPILOGUE_B2_L09        00000DF2 
    -------------------------------------------------------------------------
CODE
  Relative segment, address: CODE 00000DF4 - 00000DF5 (0x2 bytes), align: 1
  Segment part 15.            Intra module refs:   ?EPILOGUE_B2_L09
           ENTRY                   ADDRESS         REF BY
           =====                   =======         ======
           ?EPILOGUE_B1_L09        00000DF4 
    -------------------------------------------------------------------------
CODE
  Relative segment, address: CODE 00000DF6 - 00000E03 (0xe bytes), align: 1
  Segment part 16.            Intra module refs:   ?EPILOGUE_B1_L09
           ENTRY                   ADDRESS         REF BY
           =====                   =======         ======
           ?EPILOGUE_B0_L09        00000DF6 

    -------------------------------------------------------------------------
  LIBRARY MODULE, NAME : ?REGISTER_CGREGR4_L10

  SEGMENTS IN THE MODULE
  ======================
CODE
  Relative segment, address: CODE 00000E04, align: 1
  Segment part 0.
           ENTRY                   ADDRESS         REF BY
           =====                   =======         ======
           ?Register_R4_is_cg_reg
                                   00000E04        ByteToString (CONVERT)
                                                   ShortToString (CONVERT)
                                                   UART_receiveline (UART)

    -------------------------------------------------------------------------
  LIBRARY MODULE, NAME : ?REGISTER_CGREGR5_L10

  SEGMENTS IN THE MODULE
  ======================
CODE
  Relative segment, address: CODE 00000E04, align: 1
  Segment part 0.
           ENTRY                   ADDRESS         REF BY
           =====                   =======         ======
           ?Register_R5_is_cg_reg
                                   00000E04        ShortToString (CONVERT)

    -------------------------------------------------------------------------
  LIBRARY MODULE, NAME : ?REGISTER_CGREGR6_L10

  SEGMENTS IN THE MODULE
  ======================
CODE
  Relative segment, address: CODE 00000E04, align: 1
  Segment part 0.
           ENTRY                   ADDRESS         REF BY
           =====                   =======         ======
           ?Register_R6_is_cg_reg
                                   00000E04        ShortToString (CONVERT)

    -------------------------------------------------------------------------
  LIBRARY MODULE, NAME : ?low_level_init

  SEGMENTS IN THE MODULE
  ======================
CODE
  Relative segment, address: CODE 00000E04 - 00000E07 (0x4 bytes), align: 1
  Segment part 3.
           ENTRY                   ADDRESS         REF BY
           =====                   =======         ======
           __low_level_init        00000E04        ?call_low_level_init (?C_STARTUP)
               stack 1 = 00000000 ( 00000002 )

    -------------------------------------------------------------------------
  LIBRARY MODULE, NAME : ?segment_init

  SEGMENTS IN THE MODULE
  ======================
CODE
  Relative segment, address: CODE 00000E08 - 00000E0F (0x8 bytes), align: 1
  Segment part 3.             Intra module refs:   __segment_init
           LOCAL                   ADDRESS         
           =====                   =======         
           __memclr                00000E08 
               stack 1 = 00000000 ( 00000002 )
    -------------------------------------------------------------------------
CODE
  Relative segment, address: CODE 00000E10 - 00000E17 (0x8 bytes), align: 1
  Segment part 4.             Intra module refs:   __segment_init
           LOCAL                   ADDRESS         
           =====                   =======         
           __flashcpy              00000E10 
               stack 1 = 00000000 ( 00000002 )
    -------------------------------------------------------------------------
CODE
  Relative segment, address: CODE 00000E18 - 00000E23 (0xc bytes), align: 1
  Segment part 5.             Intra module refs:   __flashcpy
                                                   __memclr
    -------------------------------------------------------------------------
CODE
  Relative segment, address: CODE 00000E24 - 00000E57 (0x34 bytes), align: 1
  Segment part 6.
           ENTRY                   ADDRESS         REF BY
           =====                   =======         ======
           __segment_init          00000E24        ?need_segment_init (?C_STARTUP)
               calls direct
               stack 1 = 00000000 ( 00000002 )

    -------------------------------------------------------------------------
  LIBRARY MODULE, NAME : ?strlen

  SEGMENTS IN THE MODULE
  ======================
CODE
  Relative segment, address: CODE 00000E58 - 00000E6B (0x14 bytes), align: 1
  Segment part 3.
           ENTRY                   ADDRESS         REF BY
           =====                   =======         ======
           strlen                  00000E58        StringToByte (CONVERT)
               stack 1 = 00000000 ( 00000002 )

    *************************************************************************

  DEFINED ABSOLUTE ENTRIES
  PROGRAM MODULE, NAME : ?FILLER_BYTES

  SEGMENTS IN THE MODULE
  ======================
INTVEC
  Common segment, address: CODE 00000000 - 0000002F (0x30 bytes), align: 0
  Segment part 1.
    -------------------------------------------------------------------------
?FILL1
  Relative segment, address: CODE 00000030 - 00000053 (0x24 bytes), align: 0
  Segment part 0.




                ****************************************
                *                                      *
                *      SEGMENTS IN ADDRESS ORDER       *
                *                                      *
                ****************************************


SEGMENT              SPACE    START ADDRESS   END ADDRESS     SIZE  TYPE  ALIGN
=======              =====    =============   ===========     ====  ====  =====
INTVEC               CODE          00000000 - 0000002F          30   com    1
?FILL1               CODE          00000030 - 00000053          24   rel    0
NEAR_F               CODE          00000054 - 00000182         12F   rel    0
SWITCH               CODE          00000184 - 000001E9          66   rel    1
INITTAB              CODE          000001EA - 000001F5           C   rel    0
CODE                 CODE          000001F6 - 00000E6B         C76   rel    1
TINY_ID              CODE          00000E6C - 00000E7F          14   rel    0
ABSOLUTE             DATA               0000001C                     rel    0
                     DATA               0000001D                   
                     DATA               0000001E                   
                     DATA               0000001F                   
                     DATA          00000024 - 00000027           4 
                     DATA          00000029 - 0000002F           7 
                     DATA          00000031 - 00000038           8 
                     DATA          00000040 - 00000040           1 
TINY_I               DATA          00000060 - 00000073          14   rel    0
TINY_Z               DATA          00000074 - 00000079           6   rel    0
CSTACK               DATA          0000007A - 000000B9          40   dse    0
RSTACK               DATA          000000BA - 000000F9          40   dse    0

                ****************************************
                *                                      *
                *        END OF CROSS REFERENCE        *
                *                                      *
                ****************************************

 3 675 bytes of CODE memory (+             36 range fill )
   154 bytes of DATA memory (+ 20 absolute )

Errors: none
Warnings: none

