##############################################################################
#                                                                            #
#                                                      28/Jun/2007  00:57:48 #
# IAR Atmel AVR C/C++ Compiler V4.10A/W32, Evaluation Version                #
# Copyright 1996-2005 IAR Systems. All rights reserved.                      #
#                                                                            #
#    Source file  =  D:\stend\src\m162\BEEP.c                                #
#    Command line =  --cpu=m162 -ms -o D:\stend\src\m162\Release\Obj\ -D     #
#                    NDEBUG -lcN D:\stend\src\m162\Release\List\ -lb         #
#                    D:\stend\src\m162\Release\List\ -y                      #
#                    --initializers_in_flash -z9 -e -I "D:\Program           #
#                    Files\IAR Systems\AVR4.10A\avr\INC\" -I "D:\Program     #
#                    Files\IAR Systems\AVR4.10A\avr\INC\CLIB\"               #
#                    --eeprom_size 512 D:\stend\src\m162\BEEP.c              #
#    List file    =  D:\stend\src\m162\Release\List\BEEP.lst                 #
#    Object file  =  D:\stend\src\m162\Release\Obj\BEEP.r90                  #
#                                                                            #
#                                                                            #
##############################################################################

D:\stend\src\m162\BEEP.c
      1          #include "BEEP.H"
      2          #include "DELAY.H"
      3          
      4          // Функция включения зуммера на определенное время
      5          void Beep( unsigned int ms )
      6          {
      7              BEEP_DDR = 1;
      8          	BEEP_PORT = 0;
      9          	while( ms-- > 0 )
     10          		DELAY_MS( 1 );
     11              BEEP_PORT = 1;
     12          }
     13          

   Maximum stack usage in bytes:

     Function           CSTACK RSTACK
     --------           ------ ------
     Beep                   2      2
       -> delay_func_ms     2      2


   Segment part sizes:

     Function/Label Bytes
     -------------- -----
     Beep             36
     _A_PORTB          1
     _A_DDRB           1

 
  2 bytes in segment ABSOLUTE
 36 bytes in segment CODE
 
 36 bytes of CODE memory
  0 bytes of DATA memory (+ 2 bytes shared)

Errors: none
Warnings: none
